{
  "version": "v0",
  "summary": {
    "error": 0,
    "warn": 1,
    "info": 0
  },
  "repo_profile": {
    "go": false,
    "node": false,
    "prisma": false,
    "openapi": false,
    "proto": false,
    "migrations": false
  },
  "findings": [
    {
      "finding_id": "v0-f2197be9363c1000",
      "omission_signature": "api001.public_api_changed.contract_docs",
      "rule_id": "API001",
      "severity": "warn",
      "confidence": "high",
      "title": "Public API changed, but no matching contract-test/docs companion moved with this diff",
      "why": "An explicit API spec file moved in the diff, but no matching contract-test/docs companion evidence moved with it.",
      "evidence": [
        {
          "file": "openapi.yaml",
          "line": 2,
          "kind": "added",
          "excerpt": "/users:"
        },
        {
          "file": "openapi.yaml",
          "line": 3,
          "kind": "added",
          "excerpt": "get:"
        },
        {
          "file": "openapi.yaml",
          "line": 4,
          "kind": "added",
          "excerpt": "summary: list users"
        }
      ],
      "expected_companions": [
        "contract test",
        "API docs",
        "compatibility or deprecation note"
      ]
    }
  ]
}
