{
  "version": "v0",
  "summary": {
    "error": 1,
    "warn": 1,
    "info": 0
  },
  "repo_profile": {
    "go": false,
    "node": false,
    "prisma": false,
    "openapi": false,
    "proto": false,
    "migrations": false
  },
  "findings": [
    {
      "finding_id": "v0-82e2676f0c6030e7",
      "rule_id": "DB001",
      "severity": "error",
      "confidence": "high",
      "title": "Schema changed, but no matching migration companion moved with this diff",
      "why": "Schema-affecting lines moved in the diff, but no matching migration companion evidence moved with them.",
      "evidence": [
        {
          "file": "schema.prisma",
          "line": 3,
          "kind": "added",
          "excerpt": "nickname String"
        }
      ],
      "expected_companions": [
        "migration file",
        "migration test",
        "rollback/backfill note"
      ]
    },
    {
      "finding_id": "v0-6c33055056517ccb",
      "rule_id": "DB002",
      "severity": "warn",
      "confidence": "high",
      "title": "Destructive storage change detected, but no matching rollback/backfill companion moved with this diff",
      "why": "Destructive storage lines moved in the diff, but no matching rollback note, backfill note, or compatibility test evidence moved with them.",
      "evidence": [
        {
          "file": "prisma/migrations/20260330010101_drop_legacy_login/migration.sql",
          "line": 2,
          "kind": "added",
          "excerpt": "ALTER TABLE \"User\" DROP COLUMN \"legacy_login\";"
        }
      ],
      "expected_companions": [
        "rollback note",
        "data backfill note",
        "compatibility test"
      ]
    }
  ],
  "explanations": [
    {
      "finding_index": 0,
      "rule_id": "DB001",
      "source": "grounded-finding-explanation",
      "summary": "This explains the existing DB001 finding: Schema changed, but no matching migration companion moved with this diff. The explanation is grounded in diff-local evidence: schema.prisma:3:+ nickname String. Expected companion categories remain: migration file, migration test, rollback/backfill note. It does not claim repository-wide absence.",
      "evidence": [
        {
          "file": "schema.prisma",
          "line": 3,
          "kind": "added",
          "excerpt": "nickname String"
        }
      ],
      "expected_companions": [
        "migration file",
        "migration test",
        "rollback/backfill note"
      ]
    },
    {
      "finding_index": 1,
      "rule_id": "DB002",
      "source": "grounded-finding-explanation",
      "summary": "This explains the existing DB002 finding: Destructive storage change detected, but no matching rollback/backfill companion moved with this diff. The explanation is grounded in diff-local evidence: prisma/migrations/20260330010101_drop_legacy_login/migration.sql:2:+ ALTER TABLE \"User\" DROP COLUMN \"legacy_login\";. Expected companion categories remain: rollback note, data backfill note, compatibility test. It does not claim repository-wide absence.",
      "evidence": [
        {
          "file": "prisma/migrations/20260330010101_drop_legacy_login/migration.sql",
          "line": 2,
          "kind": "added",
          "excerpt": "ALTER TABLE \"User\" DROP COLUMN \"legacy_login\";"
        }
      ],
      "expected_companions": [
        "rollback note",
        "data backfill note",
        "compatibility test"
      ]
    }
  ]
}
