{
  "version": "v0",
  "summary": {
    "error": 1,
    "warn": 1,
    "info": 0
  },
  "repo_profile": {
    "go": false,
    "node": false,
    "prisma": false,
    "openapi": false,
    "proto": false,
    "migrations": false
  },
  "findings": [
    {
      "finding_id": "v0-c81e374cf584324b",
      "omission_signature": "db001.schema_changed.migration_companion",
      "rule_id": "DB001",
      "severity": "error",
      "confidence": "high",
      "title": "Schema changed, but no matching migration companion moved with this diff",
      "why": "Schema-affecting lines moved in the diff, but no matching migration companion evidence moved with them.",
      "evidence": [
        {
          "file": "schema.prisma",
          "line": 3,
          "kind": "added",
          "excerpt": "nickname String"
        }
      ],
      "expected_companions": [
        "migration file"
      ]
    },
    {
      "finding_id": "v0-6c33055056517ccb",
      "omission_signature": "db002.destructive_storage.rollback_backfill",
      "rule_id": "DB002",
      "severity": "warn",
      "confidence": "high",
      "title": "Destructive storage change detected, but no matching rollback/backfill companion moved with this diff",
      "why": "Destructive storage lines moved in the diff, but no matching rollback note, backfill note, or compatibility test evidence moved with them.",
      "evidence": [
        {
          "file": "prisma/migrations/20260330010101_drop_legacy_login/migration.sql",
          "line": 2,
          "kind": "added",
          "excerpt": "ALTER TABLE \"User\" DROP COLUMN \"legacy_login\";"
        }
      ],
      "expected_companions": [
        "rollback note",
        "data backfill note",
        "compatibility test"
      ]
    }
  ]
}
