{
  "version": "v0",
  "summary": {
    "error": 1,
    "warn": 0,
    "info": 0
  },
  "repo_profile": {
    "go": false,
    "node": false,
    "prisma": false,
    "openapi": false,
    "proto": false,
    "migrations": false
  },
  "findings": [
    {
      "finding_id": "v0-b58c2fa1fc3f637b",
      "omission_signature": "db001.schema_changed.migration_companion",
      "rule_id": "DB001",
      "severity": "error",
      "confidence": "high",
      "title": "Schema changed, but no matching migration companion moved with this diff",
      "why": "Schema-affecting lines moved in the diff, but no matching migration companion evidence moved with them.",
      "evidence": [
        {
          "file": "schema.prisma",
          "line": 8,
          "kind": "added",
          "excerpt": "slug String"
        }
      ],
      "expected_companions": [
        "migration file"
      ]
    }
  ]
}
