{
  "version": "v0",
  "summary": {
    "error": 1,
    "warn": 0,
    "info": 0
  },
  "repo_profile": {
    "go": false,
    "node": false,
    "prisma": false,
    "openapi": false,
    "proto": false,
    "migrations": false
  },
  "findings": [
    {
      "finding_id": "v0-3e8fca4b2cdb678b",
      "omission_signature": "db001.schema_changed.migration_companion",
      "rule_id": "DB001",
      "severity": "error",
      "confidence": "high",
      "title": "Schema changed, but no matching migration companion moved with this diff",
      "why": "Schema-affecting lines moved in the diff, but no matching migration companion evidence moved with them.",
      "evidence": [
        {
          "file": "schema.prisma",
          "line": 3,
          "kind": "added",
          "excerpt": "email String @unique"
        }
      ],
      "expected_companions": [
        "migration file",
        "migration test",
        "rollback/backfill note"
      ]
    }
  ],
  "explanations": [
    {
      "finding_index": 0,
      "rule_id": "DB001",
      "source": "grounded-finding-explanation",
      "summary": "This explains the existing DB001 finding: Schema changed, but no matching migration companion moved with this diff. The explanation is grounded in diff-local evidence: schema.prisma:3:+ email String @unique. Expected companion categories remain: migration file, migration test, rollback/backfill note. It does not claim repository-wide absence.",
      "evidence": [
        {
          "file": "schema.prisma",
          "line": 3,
          "kind": "added",
          "excerpt": "email String @unique"
        }
      ],
      "expected_companions": [
        "migration file",
        "migration test",
        "rollback/backfill note"
      ]
    }
  ]
}
