{
  "version": "v0",
  "summary": {
    "error": 0,
    "warn": 1,
    "info": 0
  },
  "repo_profile": {
    "go": false,
    "node": false,
    "prisma": false,
    "openapi": false,
    "proto": false,
    "migrations": false
  },
  "findings": [
    {
      "finding_id": "v0-cd332cad68d123fd",
      "rule_id": "ERR001",
      "severity": "warn",
      "confidence": "high",
      "title": "Public error/status/code contract changed, but no matching assertion-test/docs companion moved with this diff",
      "why": "An explicit public error/status/code contract line moved in the diff, but no matching assertion-test/docs companion evidence moved with it.",
      "evidence": [
        {
          "file": "internal/http/handler.go",
          "line": 2,
          "kind": "removed",
          "excerpt": "return http.StatusBadRequest"
        },
        {
          "file": "internal/http/handler.go",
          "line": 2,
          "kind": "added",
          "excerpt": "return http.StatusUnprocessableEntity"
        }
      ],
      "expected_companions": [
        "assertion test",
        "API or client note"
      ]
    }
  ]
}
