specbackfill check
changed files: 1
findings: error=0 warn=1 info=0
[warn] CFG001 New config detected, but no matching docs/default companion moved with this diff
  why: A new config/env/flag line moved in the diff, but no matching docs/default companion evidence moved with it.
  evidence:
    - internal/config/load.go:+ token := os.Getenv("NEW_API_TOKEN")
  expected companions:
    - docs
    - default value handling
    - upgrade note
