specbackfill check
input: diff file
note: only the provided unified diff file was evaluated
changed files: 1
changed file summary:
  - db schema: 1
    - schema.prisma
findings: error=1 warn=0 info=0
[error] DB001 Schema changed, but no matching migration companion moved with this diff
  why: Schema-affecting lines moved in the diff, but no matching migration companion evidence moved with them.
  evidence:
    - schema.prisma:+ email String @unique
  expected companions:
    - migration file
