specbackfill check
changed files: 1
findings: error=0 warn=1 info=0
[warn] DB002 Destructive storage change detected, but no matching rollback/backfill companion moved with this diff
  why: Destructive storage lines moved in the diff, but no matching rollback note, backfill note, or compatibility test evidence moved with them.
  evidence:
    - prisma/migrations/20260330010101_drop_user_email/migration.sql:+ ALTER TABLE "User" DROP COLUMN "email";
  expected companions:
    - rollback note
    - data backfill note
    - compatibility test
