{
  "schema_version": "obligations.v1",
  "tool": {
    "name": "specbackfill",
    "version": "v0"
  },
  "run": {
    "run_id": "run-cbd4c64c77608628",
    "input_kind": "diff_file",
    "base": null,
    "head": null,
    "diff_fingerprint": "sha256:cbd4c64c7760862867eba21f8c4c1db63729702af3b9da28985b93c28b31c362"
  },
  "obligations": [
    {
      "obligation_id": "obl-v1-6af836ff87ff697c",
      "finding_id": null,
      "omission_signature": null,
      "rule_id": "DB001",
      "rule_version": "v0",
      "status": "satisfied",
      "severity": "error",
      "confidence": "high",
      "title": "Schema changed and matching migration companion moved with this diff",
      "why": "Schema-affecting lines moved in the diff, and matching migration companion evidence moved with them.",
      "diff_local_claim": true,
      "anchor": {
        "kind": "schema_change",
        "path": "schema.prisma",
        "line": 3,
        "evidence": [
          {
            "file": "schema.prisma",
            "line": 3,
            "kind": "added",
            "excerpt": "email String @unique"
          }
        ]
      },
      "required_companions": [
        {
          "kind": "migration_companion",
          "status": "satisfied",
          "satisfiers": [
            "prisma/migrations/20260329010101_add_email/migration.sql"
          ],
          "expected_paths": [
            "migrations/**",
            "db/migrations/**",
            "prisma/migrations/**"
          ]
        }
      ],
      "evidence": [
        {
          "file": "schema.prisma",
          "line": 3,
          "kind": "added",
          "excerpt": "email String @unique"
        }
      ],
      "suppression": null,
      "downstream": {
        "import_kind": "deterministic_static_layer",
        "source_signal": "specbackfill"
      }
    }
  ]
}
